// Jest Snapshot v1, https://goo.gl/fbAQLP

exports[`<PasswordNewPage /> renders password reset form 1`] = `
<Row
  bsClass="row"
  className="PasswordNew"
  componentClass="div"
>
  <Col
    bsClass="col"
    componentClass="div"
    md={10}
    mdOffset={1}
  >
    <PageHeader
      bsClass="page-header"
    >
      Reset your password
    </PageHeader>
    <p>
      To be emailed a link to reset your password, please enter your email address.
    </p>
    <Well
      bsClass="well"
    >
      <Form
        bsClass="form"
        componentClass="form"
        horizontal={true}
        inline={false}
        onSubmit={[Function]}
      >
        <ul
          className="list-group"
        />
        <FormGroup
          bsClass="form-group"
        >
          <Col
            bsClass="col"
            componentClass={[Function]}
            md={2}
          >
            Email address
          </Col>
          <Col
            bsClass="col"
            componentClass="div"
            md={9}
          >
            <FormControl
              bsClass="form-control"
              className="email"
              componentClass="input"
              inputRef={[Function]}
              type="email"
            />
          </Col>
        </FormGroup>
        <FormGroup
          bsClass="form-group"
        >
          <Col
            bsClass="col"
            componentClass="div"
            md={9}
            mdOffset={2}
          >
            <Button
              active={false}
              block={false}
              bsClass="btn"
              bsSize="small"
              bsStyle="success"
              className="submit"
              disabled={false}
              type="submit"
            >
              Submit
            </Button>
          </Col>
        </FormGroup>
      </Form>
    </Well>
  </Col>
</Row>
`;
