// Jest Snapshot v1, https://goo.gl/fbAQLP

exports[`<PasswordEditPage /> renders password edit form 1`] = `
<MemoryRouter
  initialEntries={
    Array [
      Object {
        "key": "testKey",
      },
    ]
  }
>
  <Router
    history={
      Object {
        "action": "POP",
        "block": [Function],
        "canGo": [Function],
        "createHref": [Function],
        "entries": Array [
          Object {
            "hash": "",
            "key": "testKey",
            "pathname": "/",
            "search": "",
          },
        ],
        "go": [Function],
        "goBack": [Function],
        "goForward": [Function],
        "index": 0,
        "length": 1,
        "listen": [Function],
        "location": Object {
          "hash": "",
          "key": "testKey",
          "pathname": "/",
          "search": "",
        },
        "push": [Function],
        "replace": [Function],
      }
    }
  >
    <PasswordEditPage
      history={
        Object {
          "replace": [MockFunction] {
            "calls": Array [
              Array [
                "/users/fred/password/edit",
              ],
            ],
            "results": Array [
              Object {
                "isThrow": false,
                "value": undefined,
              },
            ],
          },
        }
      }
      location={
        Object {
          "search": "?token=08a4f4f96303e9b76e60c9050520078da0621821",
        }
      }
      match={
        Object {
          "params": Object {
            "user_id": "fred",
          },
        }
      }
    >
      <Row
        bsClass="row"
        className="PasswordEdit"
        componentClass="div"
      >
        <div
          className="PasswordEdit row"
        >
          <Col
            bsClass="col"
            componentClass="div"
            md={10}
            mdOffset={1}
          >
            <div
              className="col-md-10 col-md-offset-1"
            >
              <PageHeader
                bsClass="page-header"
              >
                <div
                  className="page-header"
                >
                  <h1>
                    Change your password
                  </h1>
                </div>
              </PageHeader>
              <p>
                Your password will be reset. Choose a new password below.
              </p>
              <Well
                bsClass="well"
              >
                <div
                  className="well"
                >
                  <Form
                    bsClass="form"
                    componentClass="form"
                    horizontal={true}
                    inline={false}
                    onSubmit={[Function]}
                  >
                    <form
                      className="form-horizontal"
                      onSubmit={[Function]}
                    >
                      <ul
                        className="list-group"
                      />
                      <FormGroup
                        bsClass="form-group"
                      >
                        <div
                          className="form-group"
                        >
                          <Col
                            bsClass="col"
                            componentClass={[Function]}
                            md={2}
                          >
                            <ControlLabel
                              bsClass="control-label"
                              className="col-md-2"
                              srOnly={false}
                            >
                              <label
                                className="col-md-2 control-label"
                              >
                                Choose password
                              </label>
                            </ControlLabel>
                          </Col>
                          <Col
                            bsClass="col"
                            componentClass="div"
                            md={9}
                          >
                            <div
                              className="col-md-9"
                            >
                              <FormControl
                                bsClass="form-control"
                                className="password"
                                componentClass="input"
                                inputRef={[Function]}
                                type="password"
                              >
                                <input
                                  className="password form-control"
                                  type="password"
                                />
                              </FormControl>
                            </div>
                          </Col>
                        </div>
                      </FormGroup>
                      <FormGroup
                        bsClass="form-group"
                      >
                        <div
                          className="form-group"
                        >
                          <Col
                            bsClass="col"
                            componentClass="div"
                            md={9}
                            mdOffset={2}
                          >
                            <div
                              className="col-md-9 col-md-offset-2"
                            >
                              <Button
                                active={false}
                                block={false}
                                bsClass="btn"
                                bsSize="small"
                                bsStyle="success"
                                className="submit"
                                disabled={false}
                                type="submit"
                              >
                                <button
                                  className="submit btn btn-sm btn-success"
                                  disabled={false}
                                  type="submit"
                                >
                                  Submit
                                </button>
                              </Button>
                            </div>
                          </Col>
                        </div>
                      </FormGroup>
                    </form>
                  </Form>
                </div>
              </Well>
            </div>
          </Col>
        </div>
      </Row>
    </PasswordEditPage>
  </Router>
</MemoryRouter>
`;
